  Determining projects to restore...
C:\Program Files\dotnet\sdk\10.0.103\Sdks\Microsoft.NET.Sdk\targets\Microsoft.NET.EolTargetFrameworks.targets(32,5): warning NETSDK1138: The target framework 'net6.0' is out of support and will not receive security updates in the future. Please refer to https://aka.ms/dotnet-core-support for more information about the support policy. [D:\HealthCheckPOC\src\HealthCheckPOC.HttpApi.Host\HealthCheckPOC.HttpApi.Host.csproj]
  All projects are up-to-date for restore.
C:\Program Files\dotnet\sdk\10.0.103\Sdks\Microsoft.NET.Sdk\targets\Microsoft.NET.EolTargetFrameworks.targets(32,5): warning NETSDK1138: The target framework 'net6.0' is out of support and will not receive security updates in the future. Please refer to https://aka.ms/dotnet-core-support for more information about the support policy. [D:\HealthCheckPOC\src\HealthCheckPOC.HttpApi.Host\HealthCheckPOC.HttpApi.Host.csproj]
  HealthMonitoringModule -> D:\HealthCheckPOC\src\HealthMonitoringModule\bin\Debug\net6.0\HealthMonitoringModule.dll
  HealthCheckPOC.Domain.Shared -> D:\HealthCheckPOC\src\HealthCheckPOC.Domain.Shared\bin\Debug\net6.0\HealthCheckPOC.Domain.Shared.dll
  HealthCheckPOC.Domain -> D:\HealthCheckPOC\src\HealthCheckPOC.Domain\bin\Debug\net6.0\HealthCheckPOC.Domain.dll
  HealthCheckPOC.Application.Contracts -> D:\HealthCheckPOC\src\HealthCheckPOC.Application.Contracts\bin\Debug\net6.0\HealthCheckPOC.Application.Contracts.dll
D:\HealthCheckPOC\src\HealthCheckPOC.EntityFrameworkCore\HealthCheckPOCEntityFrameworkCoreModule.cs(25,21): error CS1061: 'AbpDbContextOptions' does not contain a definition for 'UseOracle' and no accessible extension method 'UseOracle' accepting a first argument of type 'AbpDbContextOptions' could be found (are you missing a using directive or an assembly reference?) [D:\HealthCheckPOC\src\HealthCheckPOC.EntityFrameworkCore\HealthCheckPOC.EntityFrameworkCore.csproj]
  HealthCheckPOC.Application -> D:\HealthCheckPOC\src\HealthCheckPOC.Application\bin\Debug\net6.0\HealthCheckPOC.Application.dll

Build FAILED.

C:\Program Files\dotnet\sdk\10.0.103\Sdks\Microsoft.NET.Sdk\targets\Microsoft.NET.EolTargetFrameworks.targets(32,5): warning NETSDK1138: The target framework 'net6.0' is out of support and will not receive security updates in the future. Please refer to https://aka.ms/dotnet-core-support for more information about the support policy. [D:\HealthCheckPOC\src\HealthCheckPOC.HttpApi.Host\HealthCheckPOC.HttpApi.Host.csproj]
C:\Program Files\dotnet\sdk\10.0.103\Sdks\Microsoft.NET.Sdk\targets\Microsoft.NET.EolTargetFrameworks.targets(32,5): warning NETSDK1138: The target framework 'net6.0' is out of support and will not receive security updates in the future. Please refer to https://aka.ms/dotnet-core-support for more information about the support policy. [D:\HealthCheckPOC\src\HealthCheckPOC.HttpApi.Host\HealthCheckPOC.HttpApi.Host.csproj]
D:\HealthCheckPOC\src\HealthCheckPOC.EntityFrameworkCore\HealthCheckPOCEntityFrameworkCoreModule.cs(25,21): error CS1061: 'AbpDbContextOptions' does not contain a definition for 'UseOracle' and no accessible extension method 'UseOracle' accepting a first argument of type 'AbpDbContextOptions' could be found (are you missing a using directive or an assembly reference?) [D:\HealthCheckPOC\src\HealthCheckPOC.EntityFrameworkCore\HealthCheckPOC.EntityFrameworkCore.csproj]
    2 Warning(s)
    1 Error(s)

Time Elapsed 00:00:01.45
